###############################################################################
#
# IAR ELF Linker V3.10.1.201 for STM8                     31/May/2019  15:00:48
# Copyright 2010-2017 IAR Systems AB.
#
#    Output file  =  
#        E:\Tien\DVES\STM8\Project\Lesson 04 PWM\Debug\Exe\Lesson 04 PWM.out
#    Map file     =  
#        E:\Tien\DVES\STM8\Project\Lesson 04 PWM\Debug\List\Lesson 04 PWM.map
#    Command line =  
#        -f C:\Users\nguye\AppData\Local\Temp\EWA611.tmp
#        ("E:\Tien\DVES\STM8\Project\Lesson 04 PWM\Debug\Obj\main.o"
#        "E:\Tien\DVES\STM8\Project\Lesson 04 PWM\Debug\Obj\stm8s_clk.o"
#        "E:\Tien\DVES\STM8\Project\Lesson 04 PWM\Debug\Obj\stm8s_exti.o"
#        "E:\Tien\DVES\STM8\Project\Lesson 04 PWM\Debug\Obj\stm8s_gpio.o"
#        "E:\Tien\DVES\STM8\Project\Lesson 04 PWM\Debug\Obj\stm8s_it.o"
#        "E:\Tien\DVES\STM8\Project\Lesson 04 PWM\Debug\Obj\stm8s_tim1.o"
#        "E:\Tien\DVES\STM8\Project\Lesson 04 PWM\Debug\Obj\stm8s_tim2.o"
#        --redirect _Printf=_PrintfFullNoMb --redirect _Scanf=_ScanfFullNoMb -o
#        "E:\Tien\DVES\STM8\Project\Lesson 04 PWM\Debug\Exe\Lesson 04 PWM.out"
#        --map "E:\Tien\DVES\STM8\Project\Lesson 04 PWM\Debug\List\Lesson 04
#        PWM.map" --config "C:\Program Files (x86)\IAR Systems\Embedded
#        Workbench 8.0\stm8\config\lnkstm8s003f3.icf" --config_def
#        _CSTACK_SIZE=0x100 --config_def _HEAP_SIZE=0x100 --entry
#        __iar_program_start --debug_lib)
#
###############################################################################

*******************************************************************************
*** RUNTIME MODEL ATTRIBUTES
***

__SystemLibrary            = DLib
__code_model               = small
__core                     = stm8
__data_model               = medium
__dlib_file_descriptor     = 0
__dlib_full_locale_support = 0
__rt_version               = 4


*******************************************************************************
*** PLACEMENT SUMMARY
***

"A0":  place at start of [0x000000-0x0000ff] { rw section .vregs };
"A1":  place at end of [0x000000-0x0003ff] { block CSTACK };
"P2":  place in [from 0x000000 to 0x0003ff] {
          block HEAP, rw section __DLIB_PERTHREAD, rw section .far.bss,
          rw section .far.data, rw section .far.noinit,
          rw section .far_func.textrw, rw section .huge.bss,
          rw section .huge.data, rw section .huge.noinit,
          rw section .huge_func.textrw, rw section .iar.dynexit,
          rw section .near.bss, rw section .near.data, rw section .near.noinit,
          rw section .near_func.textrw };
"A2":  place at start of [0x008000-0x009fff] { block INTVEC };
"P3":  place in [from 0x008000 to 0x009fff] {
          ro section __DLIB_PERTHREAD_init, ro section .far.data_init,
          ro section .far_func.textrw_init, ro section .huge.data_init,
          ro section .huge_func.textrw_init, ro section .iar.init_table,
          ro section .init_array, ro section .near.data_init,
          ro section .near.rodata, ro section .near_func.text,
          ro section .near_func.textrw_init, ro section .tiny.data_init,
          ro section .tiny.rodata_init };
"P4":  place in [from 0x008000 to 0x009fff] {
          ro section .far.rodata, ro section .far_func.text };
"P5":  place in [from 0x008000 to 0x009fff] {
          ro section .huge.rodata, ro section .huge_func.text };
do not initialize {
   rw section .eeprom.noinit, rw section .far.noinit, rw section .huge.noinit,
   rw section .near.noinit, rw section .tiny.noinit, rw section .vregs };
initialize by copy {
   rw section .far.bss, rw section .far.data, rw section .far_func.textrw,
   rw section .huge.bss, rw section .huge.data, rw section .huge_func.textrw,
   rw section .iar.dynexit, rw section .near.bss, rw section .near.data,
   rw section .near_func.textrw, rw section .tiny.bss, rw section .tiny.data,
   ro section .tiny.rodata };

  Section            Kind      Address    Size  Object
  -------            ----      -------    ----  ------
"A0":                                     0x10
  .vregs             uninit   0x000000    0x10  vregs.o [4]
                            - 0x000010    0x10

"P2":                                      0x4
  P2-1                        0x000010     0x4  <Init block>
    .near.data       inited   0x000010     0x2  main.o [1]
    .near.bss        inited   0x000012     0x2  main.o [1]
                            - 0x000014     0x4

"A1":                                    0x100
  CSTACK                      0x000300   0x100  <Block>
    CSTACK           uninit   0x000300   0x100  <Block tail>
                            - 0x000400   0x100

"A2":                                     0x80
  INTVEC                      0x008000    0x80  <Block>
    .intvec          const    0x008000    0x80  interrupt.o [4]
                            - 0x008080    0x80

"P3-P5":                                0x1085
  .near_func.text    ro code  0x008080   0x147  stm8s_tim1.o [1]
  .near_func.text    ro code  0x0081c7   0x147  stm8s_tim1.o [1]
  .near_func.text    ro code  0x00830e   0x147  stm8s_tim1.o [1]
  .near_func.text    ro code  0x008455   0x12d  stm8s_clk.o [1]
  .near_func.text    ro code  0x008582   0x110  stm8s_gpio.o [1]
  .near_func.text    ro code  0x008692    0xd1  stm8s_exti.o [1]
  .near_func.text    ro code  0x008763    0xd0  stm8s_tim1.o [1]
  .near_func.text    ro code  0x008833    0xcb  vreg_util.o [4]
  .near_func.text    ro code  0x0088fe    0xae  main.o [1]
  .near_func.text    ro code  0x0089ac    0x99  stm8s_tim1.o [1]
  .near_func.text    ro code  0x008a45    0x8b  stm8s_clk.o [1]
  .near_func.text    ro code  0x008ad0    0x80  main.o [1]
  .near_func.text    ro code  0x008b50    0x60  stm8s_tim1.o [1]
  .near_func.text    ro code  0x008bb0    0x59  stm8s_tim2.o [1]
  .near_func.text    ro code  0x008c09    0x55  stm8s_tim2.o [1]
  .near_func.text    ro code  0x008c5e    0x54  stm8s_tim2.o [1]
  .near.rodata       const    0x008cb2    0x47  stm8s_exti.o [1]
  .near.rodata       const    0x008cf9    0x47  stm8s_gpio.o [1]
  .near.rodata       const    0x008d40    0x46  stm8s_clk.o [1]
  .near.rodata       const    0x008d86    0x3c  stm8s_tim1.o [1]
  .near.rodata       const    0x008dc2    0x3c  stm8s_tim2.o [1]
  .near_func.text    ro code  0x008dfe    0x36  stm8s_clk.o [1]
  .near_func.text    ro code  0x008e34    0x31  stm8s_it.o [1]
  .near_func.text    ro code  0x008e65    0x30  main.o [1]
  .near_func.text    ro code  0x008e95    0x2f  stm8s_tim1.o [1]
  .near_func.text    ro code  0x008ec4    0x2f  stm8s_tim1.o [1]
  .near_func.text    ro code  0x008ef3    0x2f  stm8s_tim2.o [1]
  .near_func.text    ro code  0x008f22    0x2f  stm8s_tim2.o [1]
  .near_func.text    ro code  0x008f51    0x2d  main.o [1]
  .near_func.text    ro code  0x008f7e    0x28  stm8s_tim2.o [1]
  .near_func.text    ro code  0x008fa6    0x28  init_small.o [4]
  .iar.init_table    const    0x008fce     0xa  - Linker created -
  .near_func.text    ro code  0x008fd8    0x1e  main.o [1]
  .near_func.text    ro code  0x008ff6    0x1e  long.o [4]
  .near_func.text    ro code  0x009014    0x19  main.o [1]
  .near_func.text    ro code  0x00902d    0x18  main.o [1]
  .near_func.text    ro code  0x009045    0x14  stm8s_gpio.o [1]
  .near_func.text    ro code  0x009059    0x14  init.o [4]
  .near_func.text    ro code  0x00906d    0x14  __dbg_xxexit.o [3]
  .near_func.text    ro code  0x009081    0x13  cstartup.o [4]
  .near_func.text    ro code  0x009094     0xe  dc_util.o [4]
  .near_func.text    ro code  0x0090a2     0xc  stm8s_tim2.o [1]
  .near_func.text    ro code  0x0090ae     0xb  main.o [1]
  .near_func.text    ro code  0x0090b9     0xb  short.o [4]
  .near_func.text    ro code  0x0090c4     0x9  stm8s_exti.o [1]
  .near_func.text    ro code  0x0090cd     0x7  stm8s_gpio.o [1]
  .near_func.text    ro code  0x0090d4     0x6  char.o [4]
  .near_func.text    ro code  0x0090da     0x5  cexit.o [4]
  Initializer bytes  const    0x0090df     0x4  <for P2-1>
  .near_func.text    ro code  0x0090e3     0x3  interrupt.o [4]
  .near_func.text    ro code  0x0090e6     0x3  low_level_init.o [4]
  .near_func.text    ro code  0x0090e9     0x3  exit.o [4]
  .near_func.text    ro code  0x0090ec     0x3  unhandled_exception.o [4]
  .near_func.text    ro code  0x0090ef     0x2  main.o [1]
  .near_func.text    ro code  0x0090f1     0x1  stm8s_it.o [1]
  .near_func.text    ro code  0x0090f2     0x1  stm8s_it.o [1]
  .near_func.text    ro code  0x0090f3     0x1  stm8s_it.o [1]
  .near_func.text    ro code  0x0090f4     0x1  stm8s_it.o [1]
  .near_func.text    ro code  0x0090f5     0x1  stm8s_it.o [1]
  .near_func.text    ro code  0x0090f6     0x1  stm8s_it.o [1]
  .near_func.text    ro code  0x0090f7     0x1  stm8s_it.o [1]
  .near_func.text    ro code  0x0090f8     0x1  stm8s_it.o [1]
  .near_func.text    ro code  0x0090f9     0x1  stm8s_it.o [1]
  .near_func.text    ro code  0x0090fa     0x1  stm8s_it.o [1]
  .near_func.text    ro code  0x0090fb     0x1  stm8s_it.o [1]
  .near_func.text    ro code  0x0090fc     0x1  stm8s_it.o [1]
  .near_func.text    ro code  0x0090fd     0x1  stm8s_it.o [1]
  .near_func.text    ro code  0x0090fe     0x1  stm8s_it.o [1]
  .near_func.text    ro code  0x0090ff     0x1  stm8s_it.o [1]
  .near_func.text    ro code  0x009100     0x1  stm8s_it.o [1]
  .near_func.text    ro code  0x009101     0x1  stm8s_it.o [1]
  .near_func.text    ro code  0x009102     0x1  stm8s_it.o [1]
  .near_func.text    ro code  0x009103     0x1  stm8s_it.o [1]
  .near_func.text    ro code  0x009104     0x1  __dbg_break.o [3]
                            - 0x009105  0x1085


*******************************************************************************
*** INIT TABLE
***

          Address   Size
          -------   ----
Copy (__iar_copy_init2)
    1 source range, total size 0x4:
          0x0090df   0x4
    1 destination range, total size 0x4:
          0x000010   0x4



*******************************************************************************
*** MODULE SUMMARY
***

    Module                 ro code  ro data  rw data
    ------                 -------  -------  -------
E:\Tien\DVES\STM8\Project\Lesson 04 PWM\Debug\Obj: [1]
    main.o                     487        4        4
    stm8s_clk.o                494       70
    stm8s_exti.o               218       71
    stm8s_gpio.o               299       71
    stm8s_it.o                  68
    stm8s_tim1.o             1 532       60
    stm8s_tim2.o               404       60
    ------------------------------------------------
    Total:                   3 502      336        4

command line: [2]
    ------------------------------------------------
    Total:

dbgstm8smd.a: [3]
    __dbg_break.o                1
    __dbg_xxexit.o              20
    ------------------------------------------------
    Total:                      21

dlstm8smn.a: [4]
    cexit.o                      5
    char.o                       6
    cstartup.o                  19
    dc_util.o                   14
    exit.o                       3
    init.o                      20
    init_small.o                40
    interrupt.o                  3      128
    long.o                      30
    low_level_init.o             3
    short.o                     11
    unhandled_exception.o        3
    vreg_util.o                203
    vregs.o                                       16
    ------------------------------------------------
    Total:                     360      128       16

    Linker created                       10      256
----------------------------------------------------
    Grand Total:             3 883      474      276


*******************************************************************************
*** ENTRY LIST
***

Entry                    Address   Size  Type      Object
-----                    -------   ----  ----      ------
.iar.init_table$$Base   0x008fce          --   Gb  - Linker created -
.iar.init_table$$Limit  0x008fd8          --   Gb  - Linker created -
?and16_x_x_dw           0x0090b9         Code  Gb  short.o [4]
?and16_x_x_w0           0x0090bc         Code  Gb  short.o [4]
?b0                     0x000000         Data  Gb  vregs.o [4]
?b1                     0x000001         Data  Gb  vregs.o [4]
?b10                    0x00000a         Data  Gb  vregs.o [4]
?b11                    0x00000b         Data  Gb  vregs.o [4]
?b12                    0x00000c         Data  Gb  vregs.o [4]
?b13                    0x00000d         Data  Gb  vregs.o [4]
?b14                    0x00000e         Data  Gb  vregs.o [4]
?b15                    0x00000f         Data  Gb  vregs.o [4]
?b2                     0x000002         Data  Gb  vregs.o [4]
?b3                     0x000003         Data  Gb  vregs.o [4]
?b4                     0x000004         Data  Gb  vregs.o [4]
?b5                     0x000005         Data  Gb  vregs.o [4]
?b6                     0x000006         Data  Gb  vregs.o [4]
?b7                     0x000007         Data  Gb  vregs.o [4]
?b8                     0x000008         Data  Gb  vregs.o [4]
?b9                     0x000009         Data  Gb  vregs.o [4]
?dc16_w0                0x009094         Code  Gb  dc_util.o [4]
?dec32_0x_0x            0x009000         Code  Gb  long.o [4]
?dec32_l0_l0            0x008ff6         Code  Gb  long.o [4]
?dec32_l2_l2            0x008ffb         Code  Gb  long.o [4]
?e0                     0x000001         Data  Gb  vregs.o [4]
?e1                     0x000005         Data  Gb  vregs.o [4]
?e2                     0x000009         Data  Gb  vregs.o [4]
?e3                     0x00000d         Data  Gb  vregs.o [4]
?epilogue_l2            0x0088bb         Code  Gb  vreg_util.o [4]
?epilogue_l2_w6         0x0088bf         Code  Gb  vreg_util.o [4]
?epilogue_w4            0x0088c6         Code  Gb  vreg_util.o [4]
?l0                     0x000000         Data  Gb  vregs.o [4]
?l1                     0x000004         Data  Gb  vregs.o [4]
?l2                     0x000008         Data  Gb  vregs.o [4]
?l3                     0x00000c         Data  Gb  vregs.o [4]
?mov_e0_e1              0x0088cd         Code  Gb  vreg_util.o [4]
?mov_e0_e2              0x0088da         Code  Gb  vreg_util.o [4]
?mov_e1_e0              0x0088e7         Code  Gb  vreg_util.o [4]
?mov_e2_e0              0x0088f4         Code  Gb  vreg_util.o [4]
?mov_l0_l1              0x0088ca         Code  Gb  vreg_util.o [4]
?mov_l0_l2              0x0088d7         Code  Gb  vreg_util.o [4]
?mov_l1_l0              0x0088e4         Code  Gb  vreg_util.o [4]
?mov_l2_l0              0x0088f1         Code  Gb  vreg_util.o [4]
?mov_w1_w3              0x0088d0         Code  Gb  vreg_util.o [4]
?mov_w1_w5              0x0088dd         Code  Gb  vreg_util.o [4]
?mov_w3_w1              0x0088ea         Code  Gb  vreg_util.o [4]
?mov_w5_w1              0x0088f7         Code  Gb  vreg_util.o [4]
?pop_l0                 0x008892         Code  Gb  vreg_util.o [4]
?pop_l1                 0x00889d         Code  Gb  vreg_util.o [4]
?pop_l2                 0x0088a8         Code  Gb  vreg_util.o [4]
?pop_w4                 0x008850         Code  Gb  vreg_util.o [4]
?pop_w6                 0x008857         Code  Gb  vreg_util.o [4]
?push_l0                0x008866         Code  Gb  vreg_util.o [4]
?push_l1                0x00886b         Code  Gb  vreg_util.o [4]
?push_l2                0x008870         Code  Gb  vreg_util.o [4]
?push_w4                0x008833         Code  Gb  vreg_util.o [4]
?push_w6                0x008838         Code  Gb  vreg_util.o [4]
?sll8_a_a_5             0x0090d5         Code  Gb  char.o [4]
?sll8_a_a_6             0x0090d4         Code  Gb  char.o [4]
?w0                     0x000000         Data  Gb  vregs.o [4]
?w1                     0x000002         Data  Gb  vregs.o [4]
?w2                     0x000004         Data  Gb  vregs.o [4]
?w3                     0x000006         Data  Gb  vregs.o [4]
?w4                     0x000008         Data  Gb  vregs.o [4]
?w5                     0x00000a         Data  Gb  vregs.o [4]
?w6                     0x00000c         Data  Gb  vregs.o [4]
?w7                     0x00000e         Data  Gb  vregs.o [4]
ADC1_IRQHandler         0x009101    0x1  Code  Gb  stm8s_it.o [1]
AWU_IRQHandler          0x0090f3    0x1  Code  Gb  stm8s_it.o [1]
CLK_ClockSwitchConfig   0x008455  0x12d  Code  Gb  stm8s_clk.o [1]
CLK_Cofiguration        0x009014   0x19  Code  Gb  main.o [1]
CLK_DeInit              0x008dfe   0x36  Code  Gb  stm8s_clk.o [1]
CLK_IRQHandler          0x0090f4    0x1  Code  Gb  stm8s_it.o [1]
CLK_SYSCLKConfig        0x008a45   0x8b  Code  Gb  stm8s_clk.o [1]
CSTACK$$Base            0x000300          --   Gb  - Linker created -
CSTACK$$Limit           0x000400          --   Gb  - Linker created -
Delay_ms                0x008f51   0x2d  Code  Gb  main.o [1]
Delay_us                0x00902d   0x18  Code  Gb  main.o [1]
EEPROM_EEC_IRQHandler   0x009103    0x1  Code  Gb  stm8s_it.o [1]
EXIT_Configuration      0x0090ae    0xb  Code  Gb  main.o [1]
EXTI_DeInit             0x0090c4    0x9  Code  Gb  stm8s_exti.o [1]
EXTI_PORTA_IRQHandler   0x0090f5    0x1  Code  Gb  stm8s_it.o [1]
EXTI_PORTB_IRQHandler   0x0090f6    0x1  Code  Gb  stm8s_it.o [1]
EXTI_PORTC_IRQHandler   0x0090f7    0x1  Code  Gb  stm8s_it.o [1]
EXTI_PORTD_IRQHandler   0x0090f8    0x1  Code  Gb  stm8s_it.o [1]
EXTI_PORTE_IRQHandler   0x0090f9    0x1  Code  Gb  stm8s_it.o [1]
EXTI_SetExtIntSensitivity
                        0x008692   0xd1  Code  Gb  stm8s_exti.o [1]
GPIO_Configuration      0x008e65   0x30  Code  Gb  main.o [1]
GPIO_DeInit             0x009045   0x14  Code  Gb  stm8s_gpio.o [1]
GPIO_Init               0x008582  0x110  Code  Gb  stm8s_gpio.o [1]
GPIO_WriteReverse       0x0090cd    0x7  Code  Gb  stm8s_gpio.o [1]
I2C_IRQHandler          0x009100    0x1  Code  Gb  stm8s_it.o [1]
INTVEC$$Base            0x008000          --   Gb  - Linker created -
INTVEC$$Limit           0x008080          --   Gb  - Linker created -
PWM_Value               0x000012    0x2  Data  Gb  main.o [1]
Region$$Table$$Base     0x008fce          --   Gb  - Linker created -
Region$$Table$$Limit    0x008fd8          --   Gb  - Linker created -
SPI_IRQHandler          0x0090fa    0x1  Code  Gb  stm8s_it.o [1]
TIM1_CAP_COM_IRQHandler
                        0x0090fc    0x1  Code  Gb  stm8s_it.o [1]
TIM1_Cmd                0x008e95   0x2f  Code  Gb  stm8s_tim1.o [1]
TIM1_CtrlPWMOutputs     0x008ec4   0x2f  Code  Gb  stm8s_tim1.o [1]
TIM1_DeInit             0x0089ac   0x99  Code  Gb  stm8s_tim1.o [1]
TIM1_OC1Init            0x008080  0x147  Code  Gb  stm8s_tim1.o [1]
TIM1_OC2Init            0x0081c7  0x147  Code  Gb  stm8s_tim1.o [1]
TIM1_OC3Init            0x00830e  0x147  Code  Gb  stm8s_tim1.o [1]
TIM1_OC4Init            0x008763   0xd0  Code  Gb  stm8s_tim1.o [1]
TIM1_TimeBaseInit       0x008b50   0x60  Code  Gb  stm8s_tim1.o [1]
TIM1_UPD_OVF_TRG_BRK_IRQHandler
                        0x0090fb    0x1  Code  Gb  stm8s_it.o [1]
TIM2_CAP_COM_IRQHandler
                        0x0090fd    0x1  Code  Gb  stm8s_it.o [1]
TIM2_ClearFlag          0x008f22   0x2f  Code  Gb  stm8s_tim2.o [1]
TIM2_ClearITPendingBit  0x008f7e   0x28  Code  Gb  stm8s_tim2.o [1]
TIM2_Cmd                0x008ef3   0x2f  Code  Gb  stm8s_tim2.o [1]
TIM2_DeInit             0x008bb0   0x59  Code  Gb  stm8s_tim2.o [1]
TIM2_GetITStatus        0x008c09   0x55  Code  Gb  stm8s_tim2.o [1]
TIM2_ITConfig           0x008c5e   0x54  Code  Gb  stm8s_tim2.o [1]
TIM2_TimeBaseInit       0x0090a2    0xc  Code  Gb  stm8s_tim2.o [1]
TIM2_UPD_OVF_BRK_IRQHandler
                        0x008e34   0x31  Code  Gb  stm8s_it.o [1]
TIM4_UPD_OVF_IRQHandler
                        0x009102    0x1  Code  Gb  stm8s_it.o [1]
TIMER1_Configuration    0x008ad0   0x80  Code  Gb  main.o [1]
TIMER2_Configuration    0x008fd8   0x1e  Code  Gb  main.o [1]
TLI_IRQHandler          0x0090f2    0x1  Code  Gb  stm8s_it.o [1]
TRAP_IRQHandler         0x0090f1    0x1  Code  Gb  stm8s_it.o [1]
UART1_RX_IRQHandler     0x0090ff    0x1  Code  Gb  stm8s_it.o [1]
UART1_TX_IRQHandler     0x0090fe    0x1  Code  Gb  stm8s_it.o [1]
__DebugBreak            0x009104    0x1  Code  Gb  __dbg_break.o [3]
__exit                  0x00906d   0x14  Code  Gb  __dbg_xxexit.o [3]
__iar_copy_init2        0x008fa6         Code  Gb  init_small.o [4]
__iar_data_init2        0x009059   0x14  Code  Gb  init.o [4]
__iar_program_start     0x009081         Code  Gb  cstartup.o [4]
__iar_unhandled_exception
                        0x0090ec         Code  Gb  unhandled_exception.o [4]
__intvec                0x008000         Data  Gb  interrupt.o [4]
__low_level_init        0x0090e6    0x3  Code  Gb  low_level_init.o [4]
_exit                   0x0090da         Code  Gb  cexit.o [4]
_interrupt_1            0x0090f1         Code  Gb  stm8s_it.o [1]
_interrupt_12           0x0090fa         Code  Gb  stm8s_it.o [1]
_interrupt_13           0x0090fb         Code  Gb  stm8s_it.o [1]
_interrupt_14           0x0090fc         Code  Gb  stm8s_it.o [1]
_interrupt_15           0x008e34         Code  Gb  stm8s_it.o [1]
_interrupt_16           0x0090fd         Code  Gb  stm8s_it.o [1]
_interrupt_19           0x0090fe         Code  Gb  stm8s_it.o [1]
_interrupt_2            0x0090f2         Code  Gb  stm8s_it.o [1]
_interrupt_20           0x0090ff         Code  Gb  stm8s_it.o [1]
_interrupt_21           0x009100         Code  Gb  stm8s_it.o [1]
_interrupt_24           0x009101         Code  Gb  stm8s_it.o [1]
_interrupt_25           0x009102         Code  Gb  stm8s_it.o [1]
_interrupt_26           0x009103         Code  Gb  stm8s_it.o [1]
_interrupt_3            0x0090f3         Code  Gb  stm8s_it.o [1]
_interrupt_4            0x0090f4         Code  Gb  stm8s_it.o [1]
_interrupt_5            0x0090f5         Code  Gb  stm8s_it.o [1]
_interrupt_6            0x0090f6         Code  Gb  stm8s_it.o [1]
_interrupt_7            0x0090f7         Code  Gb  stm8s_it.o [1]
_interrupt_8            0x0090f8         Code  Gb  stm8s_it.o [1]
_interrupt_9            0x0090f9         Code  Gb  stm8s_it.o [1]
assert_failed           0x0090ef    0x2  Code  Gb  main.o [1]
duty                    0x000010    0x2  Data  Gb  main.o [1]
exit                    0x0090e9    0x3  Code  Gb  exit.o [4]
main                    0x0088fe   0xae  Code  Gb  main.o [1]


[1] = E:\Tien\DVES\STM8\Project\Lesson 04 PWM\Debug\Obj
[2] = command line
[3] = dbgstm8smd.a
[4] = dlstm8smn.a

  3 883 bytes of readonly  code memory
    474 bytes of readonly  data memory
    276 bytes of readwrite data memory

Errors: none
Warnings: none
