###############################################################################
#
# IAR ELF Linker V3.10.1.201 for STM8                     30/May/2019  10:55:18
# Copyright 2010-2017 IAR Systems AB.
#
#    Output file  =  
#        E:\Tien\DVES\STM8\Project\Lesson 01 CLOCK_GPIO\Debug\Exe\Lesson 01
#        CLOCK_GPIO.out
#    Map file     =  
#        E:\Tien\DVES\STM8\Project\Lesson 01 CLOCK_GPIO\Debug\List\Lesson 01
#        CLOCK_GPIO.map
#    Command line =  
#        -f C:\Users\nguye\AppData\Local\Temp\EW880F.tmp
#        ("E:\Tien\DVES\STM8\Project\Lesson 01 CLOCK_GPIO\Debug\Obj\main.o"
#        "E:\Tien\DVES\STM8\Project\Lesson 01 CLOCK_GPIO\Debug\Obj\stm8s_clk.o"
#        "E:\Tien\DVES\STM8\Project\Lesson 01
#        CLOCK_GPIO\Debug\Obj\stm8s_gpio.o" "E:\Tien\DVES\STM8\Project\Lesson
#        01 CLOCK_GPIO\Debug\Obj\stm8s_it.o" --redirect _Printf=_PrintfFullNoMb
#        --redirect _Scanf=_ScanfFullNoMb -o "E:\Tien\DVES\STM8\Project\Lesson
#        01 CLOCK_GPIO\Debug\Exe\Lesson 01 CLOCK_GPIO.out" --map
#        "E:\Tien\DVES\STM8\Project\Lesson 01 CLOCK_GPIO\Debug\List\Lesson 01
#        CLOCK_GPIO.map" --config "C:\Program Files (x86)\IAR Systems\Embedded
#        Workbench 8.0\stm8\config\lnkstm8s003f3.icf" --config_def
#        _CSTACK_SIZE=0x100 --config_def _HEAP_SIZE=0x100 --entry
#        __iar_program_start --debug_lib)
#
###############################################################################

*******************************************************************************
*** RUNTIME MODEL ATTRIBUTES
***

__SystemLibrary            = DLib
__code_model               = small
__core                     = stm8
__data_model               = medium
__dlib_file_descriptor     = 0
__dlib_full_locale_support = 0
__rt_version               = 4


*******************************************************************************
*** PLACEMENT SUMMARY
***

"A0":  place at start of [0x000000-0x0000ff] { rw section .vregs };
"A1":  place at end of [0x000000-0x0003ff] { block CSTACK };
"A2":  place at start of [0x008000-0x009fff] { block INTVEC };
"P3":  place in [from 0x008000 to 0x009fff] {
          ro section __DLIB_PERTHREAD_init, ro section .far.data_init,
          ro section .far_func.textrw_init, ro section .huge.data_init,
          ro section .huge_func.textrw_init, ro section .iar.init_table,
          ro section .init_array, ro section .near.data_init,
          ro section .near.rodata, ro section .near_func.text,
          ro section .near_func.textrw_init, ro section .tiny.data_init,
          ro section .tiny.rodata_init };
"P4":  place in [from 0x008000 to 0x009fff] {
          ro section .far.rodata, ro section .far_func.text };
"P5":  place in [from 0x008000 to 0x009fff] {
          ro section .huge.rodata, ro section .huge_func.text };
do not initialize {
   rw section .eeprom.noinit, rw section .far.noinit, rw section .huge.noinit,
   rw section .near.noinit, rw section .tiny.noinit, rw section .vregs };

  Section          Kind      Address   Size  Object
  -------          ----      -------   ----  ------
"A0":                                   0xc
  .vregs           uninit   0x000000    0xc  vregs.o [4]
                          - 0x00000c    0xc

"A1":                                 0x100
  CSTACK                    0x000300  0x100  <Block>
    CSTACK         uninit   0x000300  0x100  <Block tail>
                          - 0x000400  0x100

"A2":                                  0x80
  INTVEC                    0x008000   0x80  <Block>
    .intvec        const    0x008000   0x80  interrupt.o [4]
                          - 0x008080   0x80

"P3-P5":                              0x40a
  .near_func.text  ro code  0x008080  0x110  stm8s_gpio.o [1]
  .near_func.text  ro code  0x008190   0x85  vreg_util.o [4]
  .near_func.text  ro code  0x008215   0x6d  main.o [1]
  .near.rodata     const    0x008282   0x40  stm8s_gpio.o [1]
  .near_func.text  ro code  0x0082c2   0x3d  stm8s_clk.o [1]
  .near.rodata     const    0x0082ff   0x3b  stm8s_clk.o [1]
  .near_func.text  ro code  0x00833a   0x36  stm8s_clk.o [1]
  .near_func.text  ro code  0x008370   0x30  main.o [1]
  .near_func.text  ro code  0x0083a0   0x2d  main.o [1]
  .near_func.text  ro code  0x0083cd   0x1e  long.o [4]
  .near_func.text  ro code  0x0083eb   0x18  main.o [1]
  .near_func.text  ro code  0x008403   0x14  stm8s_gpio.o [1]
  .near_func.text  ro code  0x008417   0x14  init.o [4]
  .near_func.text  ro code  0x00842b   0x14  __dbg_xxexit.o [3]
  .near_func.text  ro code  0x00843f   0x13  cstartup.o [4]
  .near_func.text  ro code  0x008452    0x7  main.o [1]
  .near_func.text  ro code  0x008459    0x7  stm8s_gpio.o [1]
  .near_func.text  ro code  0x008460    0x5  cexit.o [4]
  .near_func.text  ro code  0x008465    0x3  interrupt.o [4]
  .near_func.text  ro code  0x008468    0x3  low_level_init.o [4]
  .near_func.text  ro code  0x00846b    0x3  exit.o [4]
  .near_func.text  ro code  0x00846e    0x3  unhandled_exception.o [4]
  .near_func.text  ro code  0x008471    0x2  main.o [1]
  .near_func.text  ro code  0x008473    0x2  stm8s_gpio.o [1]
  .near_func.text  ro code  0x008475    0x1  stm8s_it.o [1]
  .near_func.text  ro code  0x008476    0x1  stm8s_it.o [1]
  .near_func.text  ro code  0x008477    0x1  stm8s_it.o [1]
  .near_func.text  ro code  0x008478    0x1  stm8s_it.o [1]
  .near_func.text  ro code  0x008479    0x1  stm8s_it.o [1]
  .near_func.text  ro code  0x00847a    0x1  stm8s_it.o [1]
  .near_func.text  ro code  0x00847b    0x1  stm8s_it.o [1]
  .near_func.text  ro code  0x00847c    0x1  stm8s_it.o [1]
  .near_func.text  ro code  0x00847d    0x1  stm8s_it.o [1]
  .near_func.text  ro code  0x00847e    0x1  stm8s_it.o [1]
  .near_func.text  ro code  0x00847f    0x1  stm8s_it.o [1]
  .near_func.text  ro code  0x008480    0x1  stm8s_it.o [1]
  .near_func.text  ro code  0x008481    0x1  stm8s_it.o [1]
  .near_func.text  ro code  0x008482    0x1  stm8s_it.o [1]
  .near_func.text  ro code  0x008483    0x1  stm8s_it.o [1]
  .near_func.text  ro code  0x008484    0x1  stm8s_it.o [1]
  .near_func.text  ro code  0x008485    0x1  stm8s_it.o [1]
  .near_func.text  ro code  0x008486    0x1  stm8s_it.o [1]
  .near_func.text  ro code  0x008487    0x1  stm8s_it.o [1]
  .near_func.text  ro code  0x008488    0x1  stm8s_it.o [1]
  .near_func.text  ro code  0x008489    0x1  __dbg_break.o [3]
                          - 0x00848a  0x40a



*******************************************************************************
*** MODULE SUMMARY
***

    Module                 ro code  ro data  rw data
    ------                 -------  -------  -------
E:\Tien\DVES\STM8\Project\Lesson 01 CLOCK_GPIO\Debug\Obj: [1]
    main.o                     235
    stm8s_clk.o                115       59
    stm8s_gpio.o               301       64
    stm8s_it.o                  20
    ------------------------------------------------
    Total:                     671      123

command line: [2]
    ------------------------------------------------
    Total:

dbgstm8smd.a: [3]
    __dbg_break.o                1
    __dbg_xxexit.o              20
    ------------------------------------------------
    Total:                      21

dlstm8smn.a: [4]
    cexit.o                      5
    cstartup.o                  19
    exit.o                       3
    init.o                      20
    interrupt.o                  3      128
    long.o                      30
    low_level_init.o             3
    unhandled_exception.o        3
    vreg_util.o                133
    vregs.o                                       12
    ------------------------------------------------
    Total:                     219      128       12

    Linker created                               256
----------------------------------------------------
    Grand Total:               911      251      268


*******************************************************************************
*** ENTRY LIST
***

Entry                      Address   Size  Type      Object
-----                      -------   ----  ----      ------
?b0                       0x000000         Data  Gb  vregs.o [4]
?b1                       0x000001         Data  Gb  vregs.o [4]
?b10                      0x00000a         Data  Gb  vregs.o [4]
?b11                      0x00000b         Data  Gb  vregs.o [4]
?b2                       0x000002         Data  Gb  vregs.o [4]
?b3                       0x000003         Data  Gb  vregs.o [4]
?b4                       0x000004         Data  Gb  vregs.o [4]
?b5                       0x000005         Data  Gb  vregs.o [4]
?b6                       0x000006         Data  Gb  vregs.o [4]
?b7                       0x000007         Data  Gb  vregs.o [4]
?b8                       0x000008         Data  Gb  vregs.o [4]
?b9                       0x000009         Data  Gb  vregs.o [4]
?dec32_0x_0x              0x0083d7         Code  Gb  long.o [4]
?dec32_l0_l0              0x0083cd         Code  Gb  long.o [4]
?dec32_l2_l2              0x0083d2         Code  Gb  long.o [4]
?e0                       0x000001         Data  Gb  vregs.o [4]
?e1                       0x000005         Data  Gb  vregs.o [4]
?e2                       0x000009         Data  Gb  vregs.o [4]
?epilogue_l2              0x0081dd         Code  Gb  vreg_util.o [4]
?l0                       0x000000         Data  Gb  vregs.o [4]
?l1                       0x000004         Data  Gb  vregs.o [4]
?l2                       0x000008         Data  Gb  vregs.o [4]
?mov_e0_e1                0x0081e4         Code  Gb  vreg_util.o [4]
?mov_e0_e2                0x0081f1         Code  Gb  vreg_util.o [4]
?mov_e1_e0                0x0081fe         Code  Gb  vreg_util.o [4]
?mov_e2_e0                0x00820b         Code  Gb  vreg_util.o [4]
?mov_l0_l1                0x0081e1         Code  Gb  vreg_util.o [4]
?mov_l0_l2                0x0081ee         Code  Gb  vreg_util.o [4]
?mov_l1_l0                0x0081fb         Code  Gb  vreg_util.o [4]
?mov_l2_l0                0x008208         Code  Gb  vreg_util.o [4]
?mov_w1_w3                0x0081e7         Code  Gb  vreg_util.o [4]
?mov_w1_w5                0x0081f4         Code  Gb  vreg_util.o [4]
?mov_w3_w1                0x008201         Code  Gb  vreg_util.o [4]
?mov_w5_w1                0x00820e         Code  Gb  vreg_util.o [4]
?pop_l2                   0x0081ca         Code  Gb  vreg_util.o [4]
?push_l2                  0x0081a8         Code  Gb  vreg_util.o [4]
?push_w4                  0x008190         Code  Gb  vreg_util.o [4]
?w0                       0x000000         Data  Gb  vregs.o [4]
?w1                       0x000002         Data  Gb  vregs.o [4]
?w2                       0x000004         Data  Gb  vregs.o [4]
?w3                       0x000006         Data  Gb  vregs.o [4]
?w4                       0x000008         Data  Gb  vregs.o [4]
?w5                       0x00000a         Data  Gb  vregs.o [4]
ADC1_IRQHandler           0x008486    0x1  Code  Gb  stm8s_it.o [1]
AWU_IRQHandler            0x008477    0x1  Code  Gb  stm8s_it.o [1]
CLK_Cofiguration          0x008452    0x7  Code  Gb  main.o [1]
CLK_DeInit                0x00833a   0x36  Code  Gb  stm8s_clk.o [1]
CLK_HSIPrescalerConfig    0x0082c2   0x3d  Code  Gb  stm8s_clk.o [1]
CLK_IRQHandler            0x008478    0x1  Code  Gb  stm8s_it.o [1]
CSTACK$$Base              0x000300          --   Gb  - Linker created -
CSTACK$$Limit             0x000400          --   Gb  - Linker created -
Delay_ms                  0x0083a0   0x2d  Code  Gb  main.o [1]
Delay_us                  0x0083eb   0x18  Code  Gb  main.o [1]
EEPROM_EEC_IRQHandler     0x008488    0x1  Code  Gb  stm8s_it.o [1]
EXTI_PORTA_IRQHandler     0x008479    0x1  Code  Gb  stm8s_it.o [1]
EXTI_PORTB_IRQHandler     0x00847a    0x1  Code  Gb  stm8s_it.o [1]
EXTI_PORTC_IRQHandler     0x00847b    0x1  Code  Gb  stm8s_it.o [1]
EXTI_PORTD_IRQHandler     0x00847c    0x1  Code  Gb  stm8s_it.o [1]
EXTI_PORTE_IRQHandler     0x00847d    0x1  Code  Gb  stm8s_it.o [1]
GPIO_Configuration        0x008370   0x30  Code  Gb  main.o [1]
GPIO_DeInit               0x008403   0x14  Code  Gb  stm8s_gpio.o [1]
GPIO_Init                 0x008080  0x110  Code  Gb  stm8s_gpio.o [1]
GPIO_Write                0x008473    0x2  Code  Gb  stm8s_gpio.o [1]
GPIO_WriteReverse         0x008459    0x7  Code  Gb  stm8s_gpio.o [1]
I2C_IRQHandler            0x008485    0x1  Code  Gb  stm8s_it.o [1]
INTVEC$$Base              0x008000          --   Gb  - Linker created -
INTVEC$$Limit             0x008080          --   Gb  - Linker created -
Region$$Table$$Base     0x00000000          --   Gb  - Linker created -
Region$$Table$$Limit    0x00000000          --   Gb  - Linker created -
SPI_IRQHandler            0x00847e    0x1  Code  Gb  stm8s_it.o [1]
TIM1_CAP_COM_IRQHandler
                          0x008480    0x1  Code  Gb  stm8s_it.o [1]
TIM1_UPD_OVF_TRG_BRK_IRQHandler
                          0x00847f    0x1  Code  Gb  stm8s_it.o [1]
TIM2_CAP_COM_IRQHandler
                          0x008482    0x1  Code  Gb  stm8s_it.o [1]
TIM2_UPD_OVF_BRK_IRQHandler
                          0x008481    0x1  Code  Gb  stm8s_it.o [1]
TIM4_UPD_OVF_IRQHandler
                          0x008487    0x1  Code  Gb  stm8s_it.o [1]
TLI_IRQHandler            0x008476    0x1  Code  Gb  stm8s_it.o [1]
TRAP_IRQHandler           0x008475    0x1  Code  Gb  stm8s_it.o [1]
UART1_RX_IRQHandler       0x008484    0x1  Code  Gb  stm8s_it.o [1]
UART1_TX_IRQHandler       0x008483    0x1  Code  Gb  stm8s_it.o [1]
__DebugBreak              0x008489    0x1  Code  Gb  __dbg_break.o [3]
__exit                    0x00842b   0x14  Code  Gb  __dbg_xxexit.o [3]
__iar_data_init2          0x008417   0x14  Code  Gb  init.o [4]
__iar_program_start       0x00843f         Code  Gb  cstartup.o [4]
__iar_unhandled_exception
                          0x00846e         Code  Gb  unhandled_exception.o [4]
__intvec                  0x008000         Data  Gb  interrupt.o [4]
__low_level_init          0x008468    0x3  Code  Gb  low_level_init.o [4]
_exit                     0x008460         Code  Gb  cexit.o [4]
_interrupt_1              0x008475         Code  Gb  stm8s_it.o [1]
_interrupt_12             0x00847e         Code  Gb  stm8s_it.o [1]
_interrupt_13             0x00847f         Code  Gb  stm8s_it.o [1]
_interrupt_14             0x008480         Code  Gb  stm8s_it.o [1]
_interrupt_15             0x008481         Code  Gb  stm8s_it.o [1]
_interrupt_16             0x008482         Code  Gb  stm8s_it.o [1]
_interrupt_19             0x008483         Code  Gb  stm8s_it.o [1]
_interrupt_2              0x008476         Code  Gb  stm8s_it.o [1]
_interrupt_20             0x008484         Code  Gb  stm8s_it.o [1]
_interrupt_21             0x008485         Code  Gb  stm8s_it.o [1]
_interrupt_24             0x008486         Code  Gb  stm8s_it.o [1]
_interrupt_25             0x008487         Code  Gb  stm8s_it.o [1]
_interrupt_26             0x008488         Code  Gb  stm8s_it.o [1]
_interrupt_3              0x008477         Code  Gb  stm8s_it.o [1]
_interrupt_4              0x008478         Code  Gb  stm8s_it.o [1]
_interrupt_5              0x008479         Code  Gb  stm8s_it.o [1]
_interrupt_6              0x00847a         Code  Gb  stm8s_it.o [1]
_interrupt_7              0x00847b         Code  Gb  stm8s_it.o [1]
_interrupt_8              0x00847c         Code  Gb  stm8s_it.o [1]
_interrupt_9              0x00847d         Code  Gb  stm8s_it.o [1]
assert_failed             0x008471    0x2  Code  Gb  main.o [1]
exit                      0x00846b    0x3  Code  Gb  exit.o [4]
main                      0x008215   0x6d  Code  Gb  main.o [1]


[1] = E:\Tien\DVES\STM8\Project\Lesson 01 CLOCK_GPIO\Debug\Obj
[2] = command line
[3] = dbgstm8smd.a
[4] = dlstm8smn.a

  911 bytes of readonly  code memory
  251 bytes of readonly  data memory
  268 bytes of readwrite data memory

Errors: none
Warnings: none
