###############################################################################
#
# IAR ELF Linker V3.10.1.201 for STM8                     31/May/2019  11:14:59
# Copyright 2010-2017 IAR Systems AB.
#
#    Output file  =  
#        E:\Tien\DVES\STM8\Project\Lesson 02 External Interrup\Debug\Exe\Lesson
#        02 External Interrup.out
#    Map file     =  
#        E:\Tien\DVES\STM8\Project\Lesson 02 External
#        Interrup\Debug\List\Lesson 02 External Interrup.map
#    Command line =  
#        -f C:\Users\nguye\AppData\Local\Temp\EWEC7B.tmp
#        ("E:\Tien\DVES\STM8\Project\Lesson 02 External
#        Interrup\Debug\Obj\main.o" "E:\Tien\DVES\STM8\Project\Lesson 02
#        External Interrup\Debug\Obj\stm8s_clk.o"
#        "E:\Tien\DVES\STM8\Project\Lesson 02 External
#        Interrup\Debug\Obj\stm8s_exti.o" "E:\Tien\DVES\STM8\Project\Lesson 02
#        External Interrup\Debug\Obj\stm8s_gpio.o"
#        "E:\Tien\DVES\STM8\Project\Lesson 02 External
#        Interrup\Debug\Obj\stm8s_it.o" --redirect _Printf=_PrintfFullNoMb
#        --redirect _Scanf=_ScanfFullNoMb -o "E:\Tien\DVES\STM8\Project\Lesson
#        02 External Interrup\Debug\Exe\Lesson 02 External Interrup.out" --map
#        "E:\Tien\DVES\STM8\Project\Lesson 02 External
#        Interrup\Debug\List\Lesson 02 External Interrup.map" --config
#        "C:\Program Files (x86)\IAR Systems\Embedded Workbench
#        8.0\stm8\config\lnkstm8s003f3.icf" --config_def _CSTACK_SIZE=0x100
#        --config_def _HEAP_SIZE=0x100 --entry __iar_program_start --debug_lib)
#
###############################################################################

*******************************************************************************
*** RUNTIME MODEL ATTRIBUTES
***

__SystemLibrary            = DLib
__code_model               = small
__core                     = stm8
__data_model               = medium
__dlib_file_descriptor     = 0
__dlib_full_locale_support = 0
__rt_version               = 4


*******************************************************************************
*** PLACEMENT SUMMARY
***

"A0":  place at start of [0x000000-0x0000ff] { rw section .vregs };
"A1":  place at end of [0x000000-0x0003ff] { block CSTACK };
"A2":  place at start of [0x008000-0x009fff] { block INTVEC };
"P3":  place in [from 0x008000 to 0x009fff] {
          ro section __DLIB_PERTHREAD_init, ro section .far.data_init,
          ro section .far_func.textrw_init, ro section .huge.data_init,
          ro section .huge_func.textrw_init, ro section .iar.init_table,
          ro section .init_array, ro section .near.data_init,
          ro section .near.rodata, ro section .near_func.text,
          ro section .near_func.textrw_init, ro section .tiny.data_init,
          ro section .tiny.rodata_init };
"P4":  place in [from 0x008000 to 0x009fff] {
          ro section .far.rodata, ro section .far_func.text };
"P5":  place in [from 0x008000 to 0x009fff] {
          ro section .huge.rodata, ro section .huge_func.text };
do not initialize {
   rw section .eeprom.noinit, rw section .far.noinit, rw section .huge.noinit,
   rw section .near.noinit, rw section .tiny.noinit, rw section .vregs };

  Section          Kind      Address   Size  Object
  -------          ----      -------   ----  ------
"A0":                                  0x10
  .vregs           uninit   0x000000   0x10  vregs.o [4]
                          - 0x000010   0x10

"A1":                                 0x100
  CSTACK                    0x000300  0x100  <Block>
    CSTACK         uninit   0x000300  0x100  <Block tail>
                          - 0x000400  0x100

"A2":                                  0x80
  INTVEC                    0x008000   0x80  <Block>
    .intvec        const    0x008000   0x80  interrupt.o [4]
                          - 0x008080   0x80

"P3-P5":                              0x6b4
  .near_func.text  ro code  0x008080  0x12d  stm8s_clk.o [1]
  .near_func.text  ro code  0x0081ad  0x110  stm8s_gpio.o [1]
  .near_func.text  ro code  0x0082bd   0xd1  stm8s_exti.o [1]
  .near_func.text  ro code  0x00838e   0xb1  vreg_util.o [4]
  .near_func.text  ro code  0x00843f   0x8b  stm8s_clk.o [1]
  .near_func.text  ro code  0x0084ca   0x54  stm8s_it.o [1]
  .near.rodata     const    0x00851e   0x47  stm8s_exti.o [1]
  .near.rodata     const    0x008565   0x47  stm8s_gpio.o [1]
  .near.rodata     const    0x0085ac   0x46  stm8s_clk.o [1]
  .near_func.text  ro code  0x0085f2   0x36  stm8s_clk.o [1]
  .near_func.text  ro code  0x008628   0x30  main.o [1]
  .near_func.text  ro code  0x008658   0x19  main.o [1]
  .near_func.text  ro code  0x008671   0x19  long.o [4]
  .near_func.text  ro code  0x00868a   0x14  stm8s_gpio.o [1]
  .near_func.text  ro code  0x00869e   0x14  init.o [4]
  .near_func.text  ro code  0x0086b2   0x14  __dbg_xxexit.o [3]
  .near_func.text  ro code  0x0086c6   0x13  cstartup.o [4]
  .near_func.text  ro code  0x0086d9    0xc  main.o [1]
  .near_func.text  ro code  0x0086e5    0xb  main.o [1]
  .near_func.text  ro code  0x0086f0    0x9  stm8s_exti.o [1]
  .near_func.text  ro code  0x0086f9    0x7  stm8s_gpio.o [1]
  .near_func.text  ro code  0x008700    0x7  stm8s_gpio.o [1]
  .near_func.text  ro code  0x008707    0x6  char.o [4]
  .near_func.text  ro code  0x00870d    0x5  cexit.o [4]
  .near_func.text  ro code  0x008712    0x3  interrupt.o [4]
  .near_func.text  ro code  0x008715    0x3  low_level_init.o [4]
  .near_func.text  ro code  0x008718    0x3  exit.o [4]
  .near_func.text  ro code  0x00871b    0x3  unhandled_exception.o [4]
  .near_func.text  ro code  0x00871e    0x2  main.o [1]
  .near_func.text  ro code  0x008720    0x1  stm8s_it.o [1]
  .near_func.text  ro code  0x008721    0x1  stm8s_it.o [1]
  .near_func.text  ro code  0x008722    0x1  stm8s_it.o [1]
  .near_func.text  ro code  0x008723    0x1  stm8s_it.o [1]
  .near_func.text  ro code  0x008724    0x1  stm8s_it.o [1]
  .near_func.text  ro code  0x008725    0x1  stm8s_it.o [1]
  .near_func.text  ro code  0x008726    0x1  stm8s_it.o [1]
  .near_func.text  ro code  0x008727    0x1  stm8s_it.o [1]
  .near_func.text  ro code  0x008728    0x1  stm8s_it.o [1]
  .near_func.text  ro code  0x008729    0x1  stm8s_it.o [1]
  .near_func.text  ro code  0x00872a    0x1  stm8s_it.o [1]
  .near_func.text  ro code  0x00872b    0x1  stm8s_it.o [1]
  .near_func.text  ro code  0x00872c    0x1  stm8s_it.o [1]
  .near_func.text  ro code  0x00872d    0x1  stm8s_it.o [1]
  .near_func.text  ro code  0x00872e    0x1  stm8s_it.o [1]
  .near_func.text  ro code  0x00872f    0x1  stm8s_it.o [1]
  .near_func.text  ro code  0x008730    0x1  stm8s_it.o [1]
  .near_func.text  ro code  0x008731    0x1  stm8s_it.o [1]
  .near_func.text  ro code  0x008732    0x1  stm8s_it.o [1]
  .near_func.text  ro code  0x008733    0x1  __dbg_break.o [3]
                          - 0x008734  0x6b4



*******************************************************************************
*** MODULE SUMMARY
***

    Module                 ro code  ro data  rw data
    ------                 -------  -------  -------
E:\Tien\DVES\STM8\Project\Lesson 02 External Interrup\Debug\Obj: [1]
    main.o                      98
    stm8s_clk.o                494       70
    stm8s_exti.o               218       71
    stm8s_gpio.o               306       71
    stm8s_it.o                 103
    ------------------------------------------------
    Total:                   1 219      212

command line: [2]
    ------------------------------------------------
    Total:

dbgstm8smd.a: [3]
    __dbg_break.o                1
    __dbg_xxexit.o              20
    ------------------------------------------------
    Total:                      21

dlstm8smn.a: [4]
    cexit.o                      5
    char.o                       6
    cstartup.o                  19
    exit.o                       3
    init.o                      20
    interrupt.o                  3      128
    long.o                      25
    low_level_init.o             3
    unhandled_exception.o        3
    vreg_util.o                177
    vregs.o                                       16
    ------------------------------------------------
    Total:                     264      128       16

    Linker created                               256
----------------------------------------------------
    Grand Total:             1 504      340      272


*******************************************************************************
*** ENTRY LIST
***

Entry                     Address   Size  Type      Object
-----                     -------   ----  ----      ------
?b0                      0x000000         Data  Gb  vregs.o [4]
?b1                      0x000001         Data  Gb  vregs.o [4]
?b10                     0x00000a         Data  Gb  vregs.o [4]
?b11                     0x00000b         Data  Gb  vregs.o [4]
?b12                     0x00000c         Data  Gb  vregs.o [4]
?b13                     0x00000d         Data  Gb  vregs.o [4]
?b14                     0x00000e         Data  Gb  vregs.o [4]
?b15                     0x00000f         Data  Gb  vregs.o [4]
?b2                      0x000002         Data  Gb  vregs.o [4]
?b3                      0x000003         Data  Gb  vregs.o [4]
?b4                      0x000004         Data  Gb  vregs.o [4]
?b5                      0x000005         Data  Gb  vregs.o [4]
?b6                      0x000006         Data  Gb  vregs.o [4]
?b7                      0x000007         Data  Gb  vregs.o [4]
?b8                      0x000008         Data  Gb  vregs.o [4]
?b9                      0x000009         Data  Gb  vregs.o [4]
?dec32_0x_0x             0x008676         Code  Gb  long.o [4]
?dec32_l2_l2             0x008671         Code  Gb  long.o [4]
?e0                      0x000001         Data  Gb  vregs.o [4]
?e1                      0x000005         Data  Gb  vregs.o [4]
?e2                      0x000009         Data  Gb  vregs.o [4]
?e3                      0x00000d         Data  Gb  vregs.o [4]
?epilogue_l2             0x008416         Code  Gb  vreg_util.o [4]
?epilogue_l2_w6          0x00841a         Code  Gb  vreg_util.o [4]
?epilogue_w4             0x008421         Code  Gb  vreg_util.o [4]
?l0                      0x000000         Data  Gb  vregs.o [4]
?l1                      0x000004         Data  Gb  vregs.o [4]
?l2                      0x000008         Data  Gb  vregs.o [4]
?l3                      0x00000c         Data  Gb  vregs.o [4]
?mov_e0_e2               0x008428         Code  Gb  vreg_util.o [4]
?mov_e2_e0               0x008435         Code  Gb  vreg_util.o [4]
?mov_l0_l2               0x008425         Code  Gb  vreg_util.o [4]
?mov_l2_l0               0x008432         Code  Gb  vreg_util.o [4]
?mov_w1_w5               0x00842b         Code  Gb  vreg_util.o [4]
?mov_w5_w1               0x008438         Code  Gb  vreg_util.o [4]
?pop_l0                  0x0083ed         Code  Gb  vreg_util.o [4]
?pop_l1                  0x0083f8         Code  Gb  vreg_util.o [4]
?pop_l2                  0x008403         Code  Gb  vreg_util.o [4]
?pop_w4                  0x0083ab         Code  Gb  vreg_util.o [4]
?pop_w6                  0x0083b2         Code  Gb  vreg_util.o [4]
?push_l0                 0x0083c1         Code  Gb  vreg_util.o [4]
?push_l1                 0x0083c6         Code  Gb  vreg_util.o [4]
?push_l2                 0x0083cb         Code  Gb  vreg_util.o [4]
?push_w4                 0x00838e         Code  Gb  vreg_util.o [4]
?push_w6                 0x008393         Code  Gb  vreg_util.o [4]
?sll8_a_a_5              0x008708         Code  Gb  char.o [4]
?sll8_a_a_6              0x008707         Code  Gb  char.o [4]
?w0                      0x000000         Data  Gb  vregs.o [4]
?w1                      0x000002         Data  Gb  vregs.o [4]
?w2                      0x000004         Data  Gb  vregs.o [4]
?w3                      0x000006         Data  Gb  vregs.o [4]
?w4                      0x000008         Data  Gb  vregs.o [4]
?w5                      0x00000a         Data  Gb  vregs.o [4]
?w6                      0x00000c         Data  Gb  vregs.o [4]
?w7                      0x00000e         Data  Gb  vregs.o [4]
ADC1_IRQHandler          0x008730    0x1  Code  Gb  stm8s_it.o [1]
AWU_IRQHandler           0x008722    0x1  Code  Gb  stm8s_it.o [1]
CLK_ClockSwitchConfig    0x008080  0x12d  Code  Gb  stm8s_clk.o [1]
CLK_Cofiguration         0x008658   0x19  Code  Gb  main.o [1]
CLK_DeInit               0x0085f2   0x36  Code  Gb  stm8s_clk.o [1]
CLK_IRQHandler           0x008723    0x1  Code  Gb  stm8s_it.o [1]
CLK_SYSCLKConfig         0x00843f   0x8b  Code  Gb  stm8s_clk.o [1]
CSTACK$$Base             0x000300          --   Gb  - Linker created -
CSTACK$$Limit            0x000400          --   Gb  - Linker created -
EEPROM_EEC_IRQHandler    0x008732    0x1  Code  Gb  stm8s_it.o [1]
EXIT_Configuration       0x0086e5    0xb  Code  Gb  main.o [1]
EXTI_DeInit              0x0086f0    0x9  Code  Gb  stm8s_exti.o [1]
EXTI_PORTA_IRQHandler    0x0084ca   0x54  Code  Gb  stm8s_it.o [1]
EXTI_PORTB_IRQHandler    0x008724    0x1  Code  Gb  stm8s_it.o [1]
EXTI_PORTC_IRQHandler    0x008725    0x1  Code  Gb  stm8s_it.o [1]
EXTI_PORTD_IRQHandler    0x008726    0x1  Code  Gb  stm8s_it.o [1]
EXTI_PORTE_IRQHandler    0x008727    0x1  Code  Gb  stm8s_it.o [1]
EXTI_SetExtIntSensitivity
                         0x0082bd   0xd1  Code  Gb  stm8s_exti.o [1]
GPIO_Configuration       0x008628   0x30  Code  Gb  main.o [1]
GPIO_DeInit              0x00868a   0x14  Code  Gb  stm8s_gpio.o [1]
GPIO_Init                0x0081ad  0x110  Code  Gb  stm8s_gpio.o [1]
GPIO_ReadInputPin        0x008700    0x7  Code  Gb  stm8s_gpio.o [1]
GPIO_WriteReverse        0x0086f9    0x7  Code  Gb  stm8s_gpio.o [1]
I2C_IRQHandler           0x00872f    0x1  Code  Gb  stm8s_it.o [1]
INTVEC$$Base             0x008000          --   Gb  - Linker created -
INTVEC$$Limit            0x008080          --   Gb  - Linker created -
Region$$Table$$Base    0x00000000          --   Gb  - Linker created -
Region$$Table$$Limit   0x00000000          --   Gb  - Linker created -
SPI_IRQHandler           0x008728    0x1  Code  Gb  stm8s_it.o [1]
TIM1_CAP_COM_IRQHandler
                         0x00872a    0x1  Code  Gb  stm8s_it.o [1]
TIM1_UPD_OVF_TRG_BRK_IRQHandler
                         0x008729    0x1  Code  Gb  stm8s_it.o [1]
TIM2_CAP_COM_IRQHandler
                         0x00872c    0x1  Code  Gb  stm8s_it.o [1]
TIM2_UPD_OVF_BRK_IRQHandler
                         0x00872b    0x1  Code  Gb  stm8s_it.o [1]
TIM4_UPD_OVF_IRQHandler
                         0x008731    0x1  Code  Gb  stm8s_it.o [1]
TLI_IRQHandler           0x008721    0x1  Code  Gb  stm8s_it.o [1]
TRAP_IRQHandler          0x008720    0x1  Code  Gb  stm8s_it.o [1]
UART1_RX_IRQHandler      0x00872e    0x1  Code  Gb  stm8s_it.o [1]
UART1_TX_IRQHandler      0x00872d    0x1  Code  Gb  stm8s_it.o [1]
__DebugBreak             0x008733    0x1  Code  Gb  __dbg_break.o [3]
__exit                   0x0086b2   0x14  Code  Gb  __dbg_xxexit.o [3]
__iar_data_init2         0x00869e   0x14  Code  Gb  init.o [4]
__iar_program_start      0x0086c6         Code  Gb  cstartup.o [4]
__iar_unhandled_exception
                         0x00871b         Code  Gb  unhandled_exception.o [4]
__intvec                 0x008000         Data  Gb  interrupt.o [4]
__low_level_init         0x008715    0x3  Code  Gb  low_level_init.o [4]
_exit                    0x00870d         Code  Gb  cexit.o [4]
_interrupt_1             0x008720         Code  Gb  stm8s_it.o [1]
_interrupt_12            0x008728         Code  Gb  stm8s_it.o [1]
_interrupt_13            0x008729         Code  Gb  stm8s_it.o [1]
_interrupt_14            0x00872a         Code  Gb  stm8s_it.o [1]
_interrupt_15            0x00872b         Code  Gb  stm8s_it.o [1]
_interrupt_16            0x00872c         Code  Gb  stm8s_it.o [1]
_interrupt_19            0x00872d         Code  Gb  stm8s_it.o [1]
_interrupt_2             0x008721         Code  Gb  stm8s_it.o [1]
_interrupt_20            0x00872e         Code  Gb  stm8s_it.o [1]
_interrupt_21            0x00872f         Code  Gb  stm8s_it.o [1]
_interrupt_24            0x008730         Code  Gb  stm8s_it.o [1]
_interrupt_25            0x008731         Code  Gb  stm8s_it.o [1]
_interrupt_26            0x008732         Code  Gb  stm8s_it.o [1]
_interrupt_3             0x008722         Code  Gb  stm8s_it.o [1]
_interrupt_4             0x008723         Code  Gb  stm8s_it.o [1]
_interrupt_5             0x0084ca         Code  Gb  stm8s_it.o [1]
_interrupt_6             0x008724         Code  Gb  stm8s_it.o [1]
_interrupt_7             0x008725         Code  Gb  stm8s_it.o [1]
_interrupt_8             0x008726         Code  Gb  stm8s_it.o [1]
_interrupt_9             0x008727         Code  Gb  stm8s_it.o [1]
assert_failed            0x00871e    0x2  Code  Gb  main.o [1]
exit                     0x008718    0x3  Code  Gb  exit.o [4]
main                     0x0086d9    0xc  Code  Gb  main.o [1]


[1] = E:\Tien\DVES\STM8\Project\Lesson 02 External Interrup\Debug\Obj
[2] = command line
[3] = dbgstm8smd.a
[4] = dlstm8smn.a

  1 504 bytes of readonly  code memory
    340 bytes of readonly  data memory
    272 bytes of readwrite data memory

Errors: none
Warnings: none
