###############################################################################
#
# IAR ELF Linker V3.10.1.201 for STM8                     31/May/2019  13:14:55
# Copyright 2010-2017 IAR Systems AB.
#
#    Output file  =  
#        E:\Tien\DVES\STM8\Project\Lessson 03 Timer\Debug\Exe\Lesson 03
#        Timer.out
#    Map file     =  
#        E:\Tien\DVES\STM8\Project\Lessson 03 Timer\Debug\List\Lesson 03
#        Timer.map
#    Command line =  
#        -f C:\Users\nguye\AppData\Local\Temp\EWB3F2.tmp
#        ("E:\Tien\DVES\STM8\Project\Lessson 03 Timer\Debug\Obj\main.o"
#        "E:\Tien\DVES\STM8\Project\Lessson 03 Timer\Debug\Obj\stm8s_clk.o"
#        "E:\Tien\DVES\STM8\Project\Lessson 03 Timer\Debug\Obj\stm8s_exti.o"
#        "E:\Tien\DVES\STM8\Project\Lessson 03 Timer\Debug\Obj\stm8s_gpio.o"
#        "E:\Tien\DVES\STM8\Project\Lessson 03 Timer\Debug\Obj\stm8s_it.o"
#        "E:\Tien\DVES\STM8\Project\Lessson 03 Timer\Debug\Obj\stm8s_tim1.o"
#        "E:\Tien\DVES\STM8\Project\Lessson 03 Timer\Debug\Obj\stm8s_tim2.o"
#        --redirect _Printf=_PrintfFullNoMb --redirect _Scanf=_ScanfFullNoMb -o
#        "E:\Tien\DVES\STM8\Project\Lessson 03 Timer\Debug\Exe\Lesson 03
#        Timer.out" --map "E:\Tien\DVES\STM8\Project\Lessson 03
#        Timer\Debug\List\Lesson 03 Timer.map" --config "C:\Program Files
#        (x86)\IAR Systems\Embedded Workbench
#        8.0\stm8\config\lnkstm8s003f3.icf" --config_def _CSTACK_SIZE=0x100
#        --config_def _HEAP_SIZE=0x100 --entry __iar_program_start --debug_lib)
#
###############################################################################

*******************************************************************************
*** RUNTIME MODEL ATTRIBUTES
***

__SystemLibrary            = DLib
__code_model               = small
__core                     = stm8
__data_model               = medium
__dlib_file_descriptor     = 0
__dlib_full_locale_support = 0
__rt_version               = 4


*******************************************************************************
*** PLACEMENT SUMMARY
***

"A0":  place at start of [0x000000-0x0000ff] { rw section .vregs };
"A1":  place at end of [0x000000-0x0003ff] { block CSTACK };
"A2":  place at start of [0x008000-0x009fff] { block INTVEC };
"P3":  place in [from 0x008000 to 0x009fff] {
          ro section __DLIB_PERTHREAD_init, ro section .far.data_init,
          ro section .far_func.textrw_init, ro section .huge.data_init,
          ro section .huge_func.textrw_init, ro section .iar.init_table,
          ro section .init_array, ro section .near.data_init,
          ro section .near.rodata, ro section .near_func.text,
          ro section .near_func.textrw_init, ro section .tiny.data_init,
          ro section .tiny.rodata_init };
"P4":  place in [from 0x008000 to 0x009fff] {
          ro section .far.rodata, ro section .far_func.text };
"P5":  place in [from 0x008000 to 0x009fff] {
          ro section .huge.rodata, ro section .huge_func.text };
do not initialize {
   rw section .eeprom.noinit, rw section .far.noinit, rw section .huge.noinit,
   rw section .near.noinit, rw section .tiny.noinit, rw section .vregs };

  Section          Kind      Address   Size  Object
  -------          ----      -------   ----  ------
"A0":                                  0x10
  .vregs           uninit   0x000000   0x10  vregs.o [4]
                          - 0x000010   0x10

"A1":                                 0x100
  CSTACK                    0x000300  0x100  <Block>
    CSTACK         uninit   0x000300  0x100  <Block tail>
                          - 0x000400  0x100

"A2":                                  0x80
  INTVEC                    0x008000   0x80  <Block>
    .intvec        const    0x008000   0x80  interrupt.o [4]
                          - 0x008080   0x80

"P3-P5":                              0x861
  .near_func.text  ro code  0x008080  0x12d  stm8s_clk.o [1]
  .near_func.text  ro code  0x0081ad  0x110  stm8s_gpio.o [1]
  .near_func.text  ro code  0x0082bd   0xd1  stm8s_exti.o [1]
  .near_func.text  ro code  0x00838e   0x97  vreg_util.o [4]
  .near_func.text  ro code  0x008425   0x8b  stm8s_clk.o [1]
  .near_func.text  ro code  0x0084b0   0x59  stm8s_tim2.o [1]
  .near_func.text  ro code  0x008509   0x55  stm8s_tim2.o [1]
  .near_func.text  ro code  0x00855e   0x54  stm8s_tim2.o [1]
  .near.rodata     const    0x0085b2   0x47  stm8s_exti.o [1]
  .near.rodata     const    0x0085f9   0x47  stm8s_gpio.o [1]
  .near.rodata     const    0x008640   0x46  stm8s_clk.o [1]
  .near.rodata     const    0x008686   0x3c  stm8s_tim2.o [1]
  .near_func.text  ro code  0x0086c2   0x36  stm8s_clk.o [1]
  .near_func.text  ro code  0x0086f8   0x31  stm8s_it.o [1]
  .near_func.text  ro code  0x008729   0x30  main.o [1]
  .near_func.text  ro code  0x008759   0x2f  stm8s_tim2.o [1]
  .near_func.text  ro code  0x008788   0x2f  stm8s_tim2.o [1]
  .near_func.text  ro code  0x0087b7   0x28  stm8s_tim2.o [1]
  .near_func.text  ro code  0x0087df   0x1e  main.o [1]
  .near_func.text  ro code  0x0087fd   0x19  main.o [1]
  .near_func.text  ro code  0x008816   0x14  stm8s_gpio.o [1]
  .near_func.text  ro code  0x00882a   0x14  init.o [4]
  .near_func.text  ro code  0x00883e   0x14  __dbg_xxexit.o [3]
  .near_func.text  ro code  0x008852   0x13  cstartup.o [4]
  .near_func.text  ro code  0x008865    0xf  main.o [1]
  .near_func.text  ro code  0x008874    0xe  dc_util.o [4]
  .near_func.text  ro code  0x008882    0xc  stm8s_tim2.o [1]
  .near_func.text  ro code  0x00888e    0xb  main.o [1]
  .near_func.text  ro code  0x008899    0xb  short.o [4]
  .near_func.text  ro code  0x0088a4    0x9  stm8s_exti.o [1]
  .near_func.text  ro code  0x0088ad    0x7  stm8s_gpio.o [1]
  .near_func.text  ro code  0x0088b4    0x6  char.o [4]
  .near_func.text  ro code  0x0088ba    0x5  cexit.o [4]
  .near_func.text  ro code  0x0088bf    0x3  interrupt.o [4]
  .near_func.text  ro code  0x0088c2    0x3  low_level_init.o [4]
  .near_func.text  ro code  0x0088c5    0x3  exit.o [4]
  .near_func.text  ro code  0x0088c8    0x3  unhandled_exception.o [4]
  .near_func.text  ro code  0x0088cb    0x2  main.o [1]
  .near_func.text  ro code  0x0088cd    0x1  stm8s_it.o [1]
  .near_func.text  ro code  0x0088ce    0x1  stm8s_it.o [1]
  .near_func.text  ro code  0x0088cf    0x1  stm8s_it.o [1]
  .near_func.text  ro code  0x0088d0    0x1  stm8s_it.o [1]
  .near_func.text  ro code  0x0088d1    0x1  stm8s_it.o [1]
  .near_func.text  ro code  0x0088d2    0x1  stm8s_it.o [1]
  .near_func.text  ro code  0x0088d3    0x1  stm8s_it.o [1]
  .near_func.text  ro code  0x0088d4    0x1  stm8s_it.o [1]
  .near_func.text  ro code  0x0088d5    0x1  stm8s_it.o [1]
  .near_func.text  ro code  0x0088d6    0x1  stm8s_it.o [1]
  .near_func.text  ro code  0x0088d7    0x1  stm8s_it.o [1]
  .near_func.text  ro code  0x0088d8    0x1  stm8s_it.o [1]
  .near_func.text  ro code  0x0088d9    0x1  stm8s_it.o [1]
  .near_func.text  ro code  0x0088da    0x1  stm8s_it.o [1]
  .near_func.text  ro code  0x0088db    0x1  stm8s_it.o [1]
  .near_func.text  ro code  0x0088dc    0x1  stm8s_it.o [1]
  .near_func.text  ro code  0x0088dd    0x1  stm8s_it.o [1]
  .near_func.text  ro code  0x0088de    0x1  stm8s_it.o [1]
  .near_func.text  ro code  0x0088df    0x1  stm8s_it.o [1]
  .near_func.text  ro code  0x0088e0    0x1  __dbg_break.o [3]
                          - 0x0088e1  0x861



*******************************************************************************
*** MODULE SUMMARY
***

    Module                 ro code  ro data  rw data
    ------                 -------  -------  -------
E:\Tien\DVES\STM8\Project\Lessson 03 Timer\Debug\Obj: [1]
    main.o                     131
    stm8s_clk.o                494       70
    stm8s_exti.o               218       71
    stm8s_gpio.o               299       71
    stm8s_it.o                  68
    stm8s_tim2.o               404       60
    ------------------------------------------------
    Total:                   1 614      272

command line: [2]
    ------------------------------------------------
    Total:

dbgstm8smd.a: [3]
    __dbg_break.o                1
    __dbg_xxexit.o              20
    ------------------------------------------------
    Total:                      21

dlstm8smn.a: [4]
    cexit.o                      5
    char.o                       6
    cstartup.o                  19
    dc_util.o                   14
    exit.o                       3
    init.o                      20
    interrupt.o                  3      128
    low_level_init.o             3
    short.o                     11
    unhandled_exception.o        3
    vreg_util.o                151
    vregs.o                                       16
    ------------------------------------------------
    Total:                     238      128       16

    Linker created                               256
----------------------------------------------------
    Grand Total:             1 873      400      272


*******************************************************************************
*** ENTRY LIST
***

Entry                      Address   Size  Type      Object
-----                      -------   ----  ----      ------
?and16_x_x_dw             0x008899         Code  Gb  short.o [4]
?and16_x_x_w0             0x00889c         Code  Gb  short.o [4]
?b0                       0x000000         Data  Gb  vregs.o [4]
?b1                       0x000001         Data  Gb  vregs.o [4]
?b10                      0x00000a         Data  Gb  vregs.o [4]
?b11                      0x00000b         Data  Gb  vregs.o [4]
?b12                      0x00000c         Data  Gb  vregs.o [4]
?b13                      0x00000d         Data  Gb  vregs.o [4]
?b14                      0x00000e         Data  Gb  vregs.o [4]
?b15                      0x00000f         Data  Gb  vregs.o [4]
?b2                       0x000002         Data  Gb  vregs.o [4]
?b3                       0x000003         Data  Gb  vregs.o [4]
?b4                       0x000004         Data  Gb  vregs.o [4]
?b5                       0x000005         Data  Gb  vregs.o [4]
?b6                       0x000006         Data  Gb  vregs.o [4]
?b7                       0x000007         Data  Gb  vregs.o [4]
?b8                       0x000008         Data  Gb  vregs.o [4]
?b9                       0x000009         Data  Gb  vregs.o [4]
?dc16_w0                  0x008874         Code  Gb  dc_util.o [4]
?e0                       0x000001         Data  Gb  vregs.o [4]
?e1                       0x000005         Data  Gb  vregs.o [4]
?e2                       0x000009         Data  Gb  vregs.o [4]
?e3                       0x00000d         Data  Gb  vregs.o [4]
?epilogue_l2              0x008416         Code  Gb  vreg_util.o [4]
?epilogue_l2_w6           0x00841a         Code  Gb  vreg_util.o [4]
?epilogue_w4              0x008421         Code  Gb  vreg_util.o [4]
?l0                       0x000000         Data  Gb  vregs.o [4]
?l1                       0x000004         Data  Gb  vregs.o [4]
?l2                       0x000008         Data  Gb  vregs.o [4]
?l3                       0x00000c         Data  Gb  vregs.o [4]
?pop_l0                   0x0083ed         Code  Gb  vreg_util.o [4]
?pop_l1                   0x0083f8         Code  Gb  vreg_util.o [4]
?pop_l2                   0x008403         Code  Gb  vreg_util.o [4]
?pop_w4                   0x0083ab         Code  Gb  vreg_util.o [4]
?pop_w6                   0x0083b2         Code  Gb  vreg_util.o [4]
?push_l0                  0x0083c1         Code  Gb  vreg_util.o [4]
?push_l1                  0x0083c6         Code  Gb  vreg_util.o [4]
?push_l2                  0x0083cb         Code  Gb  vreg_util.o [4]
?push_w4                  0x00838e         Code  Gb  vreg_util.o [4]
?push_w6                  0x008393         Code  Gb  vreg_util.o [4]
?sll8_a_a_5               0x0088b5         Code  Gb  char.o [4]
?sll8_a_a_6               0x0088b4         Code  Gb  char.o [4]
?w0                       0x000000         Data  Gb  vregs.o [4]
?w1                       0x000002         Data  Gb  vregs.o [4]
?w2                       0x000004         Data  Gb  vregs.o [4]
?w3                       0x000006         Data  Gb  vregs.o [4]
?w4                       0x000008         Data  Gb  vregs.o [4]
?w5                       0x00000a         Data  Gb  vregs.o [4]
?w6                       0x00000c         Data  Gb  vregs.o [4]
?w7                       0x00000e         Data  Gb  vregs.o [4]
ADC1_IRQHandler           0x0088dd    0x1  Code  Gb  stm8s_it.o [1]
AWU_IRQHandler            0x0088cf    0x1  Code  Gb  stm8s_it.o [1]
CLK_ClockSwitchConfig     0x008080  0x12d  Code  Gb  stm8s_clk.o [1]
CLK_Cofiguration          0x0087fd   0x19  Code  Gb  main.o [1]
CLK_DeInit                0x0086c2   0x36  Code  Gb  stm8s_clk.o [1]
CLK_IRQHandler            0x0088d0    0x1  Code  Gb  stm8s_it.o [1]
CLK_SYSCLKConfig          0x008425   0x8b  Code  Gb  stm8s_clk.o [1]
CSTACK$$Base              0x000300          --   Gb  - Linker created -
CSTACK$$Limit             0x000400          --   Gb  - Linker created -
EEPROM_EEC_IRQHandler     0x0088df    0x1  Code  Gb  stm8s_it.o [1]
EXIT_Configuration        0x00888e    0xb  Code  Gb  main.o [1]
EXTI_DeInit               0x0088a4    0x9  Code  Gb  stm8s_exti.o [1]
EXTI_PORTA_IRQHandler     0x0088d1    0x1  Code  Gb  stm8s_it.o [1]
EXTI_PORTB_IRQHandler     0x0088d2    0x1  Code  Gb  stm8s_it.o [1]
EXTI_PORTC_IRQHandler     0x0088d3    0x1  Code  Gb  stm8s_it.o [1]
EXTI_PORTD_IRQHandler     0x0088d4    0x1  Code  Gb  stm8s_it.o [1]
EXTI_PORTE_IRQHandler     0x0088d5    0x1  Code  Gb  stm8s_it.o [1]
EXTI_SetExtIntSensitivity
                          0x0082bd   0xd1  Code  Gb  stm8s_exti.o [1]
GPIO_Configuration        0x008729   0x30  Code  Gb  main.o [1]
GPIO_DeInit               0x008816   0x14  Code  Gb  stm8s_gpio.o [1]
GPIO_Init                 0x0081ad  0x110  Code  Gb  stm8s_gpio.o [1]
GPIO_WriteReverse         0x0088ad    0x7  Code  Gb  stm8s_gpio.o [1]
I2C_IRQHandler            0x0088dc    0x1  Code  Gb  stm8s_it.o [1]
INTVEC$$Base              0x008000          --   Gb  - Linker created -
INTVEC$$Limit             0x008080          --   Gb  - Linker created -
Region$$Table$$Base     0x00000000          --   Gb  - Linker created -
Region$$Table$$Limit    0x00000000          --   Gb  - Linker created -
SPI_IRQHandler            0x0088d6    0x1  Code  Gb  stm8s_it.o [1]
TIM1_CAP_COM_IRQHandler
                          0x0088d8    0x1  Code  Gb  stm8s_it.o [1]
TIM1_UPD_OVF_TRG_BRK_IRQHandler
                          0x0088d7    0x1  Code  Gb  stm8s_it.o [1]
TIM2_CAP_COM_IRQHandler
                          0x0088d9    0x1  Code  Gb  stm8s_it.o [1]
TIM2_ClearFlag            0x008788   0x2f  Code  Gb  stm8s_tim2.o [1]
TIM2_ClearITPendingBit    0x0087b7   0x28  Code  Gb  stm8s_tim2.o [1]
TIM2_Cmd                  0x008759   0x2f  Code  Gb  stm8s_tim2.o [1]
TIM2_DeInit               0x0084b0   0x59  Code  Gb  stm8s_tim2.o [1]
TIM2_GetITStatus          0x008509   0x55  Code  Gb  stm8s_tim2.o [1]
TIM2_ITConfig             0x00855e   0x54  Code  Gb  stm8s_tim2.o [1]
TIM2_TimeBaseInit         0x008882    0xc  Code  Gb  stm8s_tim2.o [1]
TIM2_UPD_OVF_BRK_IRQHandler
                          0x0086f8   0x31  Code  Gb  stm8s_it.o [1]
TIM4_UPD_OVF_IRQHandler
                          0x0088de    0x1  Code  Gb  stm8s_it.o [1]
TIMER2_Configuration      0x0087df   0x1e  Code  Gb  main.o [1]
TLI_IRQHandler            0x0088ce    0x1  Code  Gb  stm8s_it.o [1]
TRAP_IRQHandler           0x0088cd    0x1  Code  Gb  stm8s_it.o [1]
UART1_RX_IRQHandler       0x0088db    0x1  Code  Gb  stm8s_it.o [1]
UART1_TX_IRQHandler       0x0088da    0x1  Code  Gb  stm8s_it.o [1]
__DebugBreak              0x0088e0    0x1  Code  Gb  __dbg_break.o [3]
__exit                    0x00883e   0x14  Code  Gb  __dbg_xxexit.o [3]
__iar_data_init2          0x00882a   0x14  Code  Gb  init.o [4]
__iar_program_start       0x008852         Code  Gb  cstartup.o [4]
__iar_unhandled_exception
                          0x0088c8         Code  Gb  unhandled_exception.o [4]
__intvec                  0x008000         Data  Gb  interrupt.o [4]
__low_level_init          0x0088c2    0x3  Code  Gb  low_level_init.o [4]
_exit                     0x0088ba         Code  Gb  cexit.o [4]
_interrupt_1              0x0088cd         Code  Gb  stm8s_it.o [1]
_interrupt_12             0x0088d6         Code  Gb  stm8s_it.o [1]
_interrupt_13             0x0088d7         Code  Gb  stm8s_it.o [1]
_interrupt_14             0x0088d8         Code  Gb  stm8s_it.o [1]
_interrupt_15             0x0086f8         Code  Gb  stm8s_it.o [1]
_interrupt_16             0x0088d9         Code  Gb  stm8s_it.o [1]
_interrupt_19             0x0088da         Code  Gb  stm8s_it.o [1]
_interrupt_2              0x0088ce         Code  Gb  stm8s_it.o [1]
_interrupt_20             0x0088db         Code  Gb  stm8s_it.o [1]
_interrupt_21             0x0088dc         Code  Gb  stm8s_it.o [1]
_interrupt_24             0x0088dd         Code  Gb  stm8s_it.o [1]
_interrupt_25             0x0088de         Code  Gb  stm8s_it.o [1]
_interrupt_26             0x0088df         Code  Gb  stm8s_it.o [1]
_interrupt_3              0x0088cf         Code  Gb  stm8s_it.o [1]
_interrupt_4              0x0088d0         Code  Gb  stm8s_it.o [1]
_interrupt_5              0x0088d1         Code  Gb  stm8s_it.o [1]
_interrupt_6              0x0088d2         Code  Gb  stm8s_it.o [1]
_interrupt_7              0x0088d3         Code  Gb  stm8s_it.o [1]
_interrupt_8              0x0088d4         Code  Gb  stm8s_it.o [1]
_interrupt_9              0x0088d5         Code  Gb  stm8s_it.o [1]
assert_failed             0x0088cb    0x2  Code  Gb  main.o [1]
exit                      0x0088c5    0x3  Code  Gb  exit.o [4]
main                      0x008865    0xf  Code  Gb  main.o [1]


[1] = E:\Tien\DVES\STM8\Project\Lessson 03 Timer\Debug\Obj
[2] = command line
[3] = dbgstm8smd.a
[4] = dlstm8smn.a

  1 873 bytes of readonly  code memory
    400 bytes of readonly  data memory
    272 bytes of readwrite data memory

Errors: none
Warnings: none
